
> frontend@0.1.0 start
> react-scripts start

(node:21042) [DEP_WEBPACK_DEV_SERVER_ON_AFTER_SETUP_MIDDLEWARE] DeprecationWarning: 'onAfterSetupMiddleware' option is deprecated. Please use the 'setupMiddlewares' option.
(Use `node --trace-deprecation ...` to show where the warning was created)
(node:21042) [DEP_WEBPACK_DEV_SERVER_ON_BEFORE_SETUP_MIDDLEWARE] DeprecationWarning: 'onBeforeSetupMiddleware' option is deprecated. Please use the 'setupMiddlewares' option.
Starting the development server...

Compiled with warnings.

[eslint] 
src/context/AuthContext_.js
  Line 3:10:  'jwtDecode' is defined but never used  no-unused-vars

src/pages/OrganizationDetail.js
  Line 20:12:  'newMemberEmail' is assigned a value but never used                                                                 no-unused-vars
  Line 20:28:  'setNewMemberEmail' is assigned a value but never used                                                              no-unused-vars
  Line 25:8:   React Hook useEffect has a missing dependency: 'fetchOrgDetails'. Either include it or remove the dependency array  react-hooks/exhaustive-deps
  Line 34:11:  'handleAddMember' is assigned a value but never used                                                                no-unused-vars

src/pages/UserDashboard.js
  Line 10:12:  'upcomingActivities' is assigned a value but never used     no-unused-vars
  Line 10:32:  'setUpcomingActivities' is assigned a value but never used  no-unused-vars

Search for the keywords to learn more about each warning.
To ignore, add // eslint-disable-next-line to the line before.

WARNING in [eslint] 
src/context/AuthContext_.js
  Line 3:10:  'jwtDecode' is defined but never used  no-unused-vars

src/pages/OrganizationDetail.js
  Line 20:12:  'newMemberEmail' is assigned a value but never used                                                                 no-unused-vars
  Line 20:28:  'setNewMemberEmail' is assigned a value but never used                                                              no-unused-vars
  Line 25:8:   React Hook useEffect has a missing dependency: 'fetchOrgDetails'. Either include it or remove the dependency array  react-hooks/exhaustive-deps
  Line 34:11:  'handleAddMember' is assigned a value but never used                                                                no-unused-vars

src/pages/UserDashboard.js
  Line 10:12:  'upcomingActivities' is assigned a value but never used     no-unused-vars
  Line 10:32:  'setUpcomingActivities' is assigned a value but never used  no-unused-vars

webpack compiled with 1 warning
